2025-10-16 11:06:37 Loading main app package /usr/lib/obsidian/obsidian.asar
2025-10-16 11:06:37 Checking for update using Github
2025-10-16 11:06:38 Success.
2025-10-16 11:06:38 Latest version is 1.9.14
2025-10-16 11:06:38 App is up to date.
2025-10-16 11:43:30 Loading main app package /usr/lib/obsidian/obsidian.asar
2025-10-16 11:43:31 Checking for update using Github
2025-10-16 11:43:31 Success.
2025-10-16 11:43:31 Latest version is 1.9.14
2025-10-16 11:43:31 App is up to date.
2025-10-17 10:04:21 Loading main app package /usr/lib/obsidian/obsidian.asar
2025-10-17 10:04:21 Checking for update using Github
2025-10-17 10:04:22 Success.
2025-10-17 10:04:22 Latest version is 1.9.14
2025-10-17 10:04:22 App is up to date.
2025-10-17 15:45:22 Loading main app package /usr/lib/obsidian/obsidian.asar
2025-10-17 15:45:22 Checking for update using Github
2025-10-17 15:45:23 Success.
2025-10-17 15:45:23 Latest version is 1.9.14
2025-10-17 15:45:23 App is up to date.
2025-10-23 08:40:33 Loading main app package /usr/lib/obsidian/obsidian.asar
2025-10-23 08:40:34 Checking for update using Github
2025-10-23 08:40:35 Success.
2025-10-23 08:40:35 Latest version is 1.9.14
2025-10-23 08:40:35 App is up to date.
2025-10-23 15:36:55 Loading main app package /usr/lib/obsidian/obsidian.asar
2025-10-23 15:36:55 Checking for update using Github
2025-10-23 15:36:56 Success.
2025-10-23 15:36:56 Latest version is 1.9.14
2025-10-23 15:36:56 App is up to date.
2025-10-24 05:36:13 Loading main app package /usr/lib/obsidian/obsidian.asar
2025-10-24 05:36:13 Checking for update using Github
2025-10-24 05:36:14 Success.
2025-10-24 05:36:14 Latest version is 1.9.14
2025-10-24 05:36:14 App is up to date.
2025-10-24 05:37:19 Loading main app package /usr/lib/obsidian/obsidian.asar
2025-10-24 05:37:19 Checking for update using Github
2025-10-24 05:37:19 Success.
2025-10-24 05:37:19 Latest version is 1.9.14
2025-10-24 05:37:19 App is up to date.
2025-10-24 07:29:59 Loading main app package /usr/lib/obsidian/obsidian.asar
2025-10-24 07:29:59 Checking for update using Github
2025-10-24 07:30:00 Success.
2025-10-24 07:30:00 Latest version is 1.9.14
2025-10-24 07:30:00 App is up to date.
2025-10-24 08:29:59 Checking for update using Github
2025-10-24 08:29:59 Success.
2025-10-24 08:29:59 Latest version is 1.9.14
2025-10-24 08:29:59 App is up to date.
2025-10-24 09:24:37 Loading main app package /usr/lib/obsidian/obsidian.asar
2025-10-24 09:24:37 Checking for update using Github
2025-10-24 09:24:38 Loading main app package /usr/lib/obsidian/obsidian.asar
2025-10-24 09:24:38 Success.
2025-10-24 09:24:38 Latest version is 1.9.14
2025-10-24 09:24:38 App is up to date.
2025-10-24 09:24:38 Checking for update using Github
2025-10-24 10:24:37 Checking for update using Github
2025-10-24 10:24:37 Success.
2025-10-24 10:24:37 Latest version is 1.9.14
2025-10-24 10:24:37 App is up to date.
2025-10-24 13:44:56 Loading main app package /usr/lib/obsidian/obsidian.asar
2025-10-24 13:44:57 Checking for update using Github
2025-10-24 13:44:58 Success.
2025-10-24 13:44:58 Latest version is 1.9.14
2025-10-24 13:44:58 App is up to date.
2025-10-24 14:44:56 Checking for update using Github
2025-10-24 14:44:57 Success.
2025-10-24 14:44:57 Latest version is 1.9.14
2025-10-24 14:44:57 App is up to date.
2025-10-24 16:28:14 Checking for update using Github
2025-10-24 16:28:15 Success.
2025-10-24 16:28:15 Latest version is 1.9.14
2025-10-24 16:28:15 App is up to date.
2025-10-25 04:04:05 Loading main app package /usr/lib/obsidian/obsidian.asar
2025-10-25 04:04:05 Checking for update using Github
2025-10-25 04:04:06 Success.
2025-10-25 04:04:06 Latest version is 1.9.14
2025-10-25 04:04:06 App is up to date.
2025-10-25 04:04:59 Loading main app package /usr/lib/obsidian/obsidian.asar
2025-10-25 04:04:59 Checking for update using Github
2025-10-25 04:05:00 Success.
2025-10-25 04:05:00 Latest version is 1.9.14
2025-10-25 04:05:00 App is up to date.
2025-10-25 04:05:07 Loading main app package /usr/lib/obsidian/obsidian.asar
2025-10-25 04:05:07 Checking for update using Github
2025-10-25 04:05:07 Success.
2025-10-25 04:05:07 Latest version is 1.9.14
2025-10-25 04:05:07 App is up to date.
2025-10-25 04:05:29 Loading main app package /usr/lib/obsidian/obsidian.asar
2025-10-25 04:05:29 Checking for update using Github
2025-10-25 04:05:29 Success.
2025-10-25 04:05:29 Latest version is 1.9.14
2025-10-25 04:05:29 App is up to date.
2025-10-25 04:05:37 Loading main app package /usr/lib/obsidian/obsidian.asar
2025-10-25 04:05:37 Checking for update using Github
2025-10-25 04:05:37 Success.
2025-10-25 04:05:37 Latest version is 1.9.14
2025-10-25 04:05:37 App is up to date.
2025-10-25 05:05:37 Checking for update using Github
2025-10-25 05:05:38 Success.
2025-10-25 05:05:38 Latest version is 1.9.14
2025-10-25 05:05:38 App is up to date.
2025-10-25 06:05:37 Checking for update using Github
2025-10-25 06:05:38 Success.
2025-10-25 06:05:38 Latest version is 1.9.14
2025-10-25 06:05:38 App is up to date.
2025-10-26 04:06:41 Loading main app package /usr/lib/obsidian/obsidian.asar
2025-10-26 04:06:41 Checking for update using Github
2025-10-26 04:06:41 Failed to check for update using Github (net::ERR_INTERNET_DISCONNECTED)
2025-10-26 04:06:41 Checking for update using obsidian.md
2025-10-26 04:06:41 Failed to check for update using obsidian.md (net::ERR_INTERNET_DISCONNECTED)
2025-10-26 05:15:03 Loading main app package /usr/lib/obsidian/obsidian.asar
2025-10-26 05:15:04 Checking for update using Github
2025-10-26 05:15:05 Success.
2025-10-26 05:15:05 Latest version is 1.9.14
2025-10-26 05:15:05 App is up to date.
2025-10-26 05:15:13 Loading main app package /usr/lib/obsidian/obsidian.asar
2025-10-26 05:15:13 Checking for update using Github
2025-10-26 05:15:13 Success.
2025-10-26 05:15:13 Latest version is 1.9.14
2025-10-26 05:15:13 App is up to date.
2025-10-26 05:15:17 Loading main app package /usr/lib/obsidian/obsidian.asar
2025-10-26 05:15:17 Checking for update using Github
2025-10-26 05:18:34 Loading main app package /usr/lib/obsidian/obsidian.asar
2025-10-26 05:18:34 Checking for update using Github
2025-10-26 06:15:13 Checking for update using Github
2025-10-26 06:15:13 Success.
2025-10-26 06:15:13 Latest version is 1.9.14
2025-10-26 06:15:13 App is up to date.
2025-10-26 15:44:49 Loading main app package /usr/lib/obsidian/obsidian.asar
2025-10-26 15:44:49 Checking for update using Github
2025-10-26 15:44:50 Success.
2025-10-26 15:44:50 Latest version is 1.9.14
2025-10-26 15:44:50 App is up to date.
2025-10-26 16:44:49 Checking for update using Github
2025-10-26 16:44:50 Success.
2025-10-26 16:44:50 Latest version is 1.9.14
2025-10-26 16:44:50 App is up to date.
2025-10-26 17:44:49 Checking for update using Github
2025-10-26 17:44:49 Success.
2025-10-26 17:44:49 Latest version is 1.9.14
2025-10-26 17:44:49 App is up to date.
2025-10-26 17:49:27 Loading main app package /usr/lib/obsidian/obsidian.asar
2025-10-26 17:49:27 Checking for update using Github
2025-10-26 17:49:27 Success.
2025-10-26 17:49:27 Latest version is 1.9.14
2025-10-26 17:49:27 App is up to date.
2025-10-26 17:53:03 Loading main app package /usr/lib/obsidian/obsidian.asar
2025-10-26 17:53:03 Checking for update using Github
2025-10-26 17:53:04 Success.
2025-10-26 17:53:04 Latest version is 1.9.14
2025-10-26 17:53:04 App is up to date.
2025-10-26 17:57:12 Loading main app package /usr/lib/obsidian/obsidian.asar
2025-10-26 17:57:12 Checking for update using Github
2025-10-26 17:57:12 Success.
2025-10-26 17:57:12 Latest version is 1.9.14
2025-10-26 17:57:12 App is up to date.
2025-10-27 11:34:15 Loading main app package /usr/lib/obsidian/obsidian.asar
2025-10-27 11:34:15 Checking for update using Github
2025-10-27 11:34:16 Success.
2025-10-27 11:34:16 Latest version is 1.9.14
2025-10-27 11:34:16 App is up to date.
2025-10-27 11:50:42 Loading main app package /usr/lib/obsidian/obsidian.asar
2025-10-27 11:50:43 Checking for update using Github
2025-10-27 11:50:43 Success.
2025-10-27 11:50:43 Latest version is 1.9.14
2025-10-27 11:50:43 App is up to date.
2025-10-27 12:50:42 Checking for update using Github
2025-10-27 12:50:46 Success.
2025-10-27 12:50:46 Latest version is 1.9.14
2025-10-27 12:50:46 App is up to date.
2025-10-28 10:05:46 Checking for update using Github
2025-10-28 10:05:47 Success.
2025-10-28 10:05:47 Latest version is 1.9.14
2025-10-28 10:05:47 App is up to date.
2025-10-28 11:05:46 Checking for update using Github
2025-10-28 11:05:47 Success.
2025-10-28 11:05:47 Latest version is 1.9.14
2025-10-28 11:05:47 App is up to date.
2025-10-28 12:05:46 Checking for update using Github
2025-10-28 12:05:47 Success.
2025-10-28 12:05:47 Latest version is 1.9.14
2025-10-28 12:05:47 App is up to date.
2025-10-28 13:05:46 Checking for update using Github
2025-10-28 13:05:47 Success.
2025-10-28 13:05:47 Latest version is 1.9.14
2025-10-28 13:05:47 App is up to date.
2025-10-28 14:05:46 Checking for update using Github
2025-10-28 14:05:46 Success.
2025-10-28 14:05:46 Latest version is 1.9.14
2025-10-28 14:05:46 App is up to date.
2025-10-28 15:16:14 Loading main app package /usr/lib/obsidian/obsidian.asar
2025-10-28 15:16:14 Checking for update using Github
2025-10-28 15:16:15 Success.
2025-10-28 15:16:15 Latest version is 1.9.14
2025-10-28 15:16:15 App is up to date.
2025-10-29 13:03:59 Loading main app package /usr/lib/obsidian/obsidian.asar
2025-10-29 13:04:00 Checking for update using Github
2025-10-29 13:04:01 Success.
2025-10-29 13:04:01 Latest version is 1.9.14
2025-10-29 13:04:01 App is up to date.
2025-10-30 03:04:27 Checking for update using Github
2025-10-30 03:04:27 Success.
2025-10-30 03:04:27 Latest version is 1.9.14
2025-10-30 03:04:27 App is up to date.
2025-10-30 04:11:26 Checking for update using Github
2025-10-30 04:11:27 Success.
2025-10-30 04:11:27 Latest version is 1.9.14
2025-10-30 04:11:27 App is up to date.
2025-10-30 12:17:29 Loading main app package /usr/lib/obsidian/obsidian.asar
2025-10-30 12:17:29 Checking for update using Github
2025-10-30 12:17:29 Failed to check for update using Github (net::ERR_INTERNET_DISCONNECTED)
2025-10-30 12:17:29 Checking for update using obsidian.md
2025-10-30 12:17:29 Failed to check for update using obsidian.md (net::ERR_INTERNET_DISCONNECTED)
2025-11-03 10:29:36 Loading main app package /usr/lib/obsidian/obsidian.asar
2025-11-03 10:29:37 Checking for update using Github
2025-11-03 10:29:38 Success.
2025-11-03 10:29:38 Latest version is 1.9.14
2025-11-03 10:29:38 App is up to date.
2025-11-04 13:22:18 Loading main app package /usr/lib/obsidian/obsidian.asar
2025-11-04 13:22:19 Checking for update using Github
2025-11-04 13:22:19 Success.
2025-11-04 13:22:19 Latest version is 1.9.14
2025-11-04 13:22:19 App is up to date.
2025-11-04 14:22:18 Checking for update using Github
2025-11-04 14:22:19 Success.
2025-11-04 14:22:19 Latest version is 1.9.14
2025-11-04 14:22:19 App is up to date.
2025-11-05 07:07:10 Loading main app package /usr/lib/obsidian/obsidian.asar
2025-11-05 07:07:11 Checking for update using Github
2025-11-05 07:07:11 Success.
2025-11-05 07:07:11 Latest version is 1.9.14
2025-11-05 07:07:11 App is up to date.
2025-11-05 08:07:10 Checking for update using Github
2025-11-05 08:07:16 Success.
2025-11-05 08:07:16 Latest version is 1.9.14
2025-11-05 08:07:16 App is up to date.
2025-11-05 10:01:41 Checking for update using Github
2025-11-05 10:01:42 Success.
2025-11-05 10:01:42 Latest version is 1.9.14
2025-11-05 10:01:42 App is up to date.
2025-11-05 11:01:42 Checking for update using Github
2025-11-05 11:01:46 Success.
2025-11-05 11:01:46 Latest version is 1.9.14
2025-11-05 11:01:46 App is up to date.
2025-11-05 12:08:35 Checking for update using Github
2025-11-05 12:08:36 Success.
2025-11-05 12:08:36 Latest version is 1.9.14
2025-11-05 12:08:36 App is up to date.
2025-11-05 15:35:00 Loading main app package /usr/lib/obsidian/obsidian.asar
2025-11-05 15:35:01 Checking for update using Github
2025-11-05 15:35:05 Success.
2025-11-05 15:35:05 Latest version is 1.9.14
2025-11-05 15:35:05 App is up to date.
2025-11-05 16:35:00 Checking for update using Github
2025-11-05 16:35:01 Success.
2025-11-05 16:35:01 Latest version is 1.9.14
2025-11-05 16:35:01 App is up to date.
2025-11-05 17:35:00 Checking for update using Github
2025-11-05 17:35:00 Success.
2025-11-05 17:35:00 Latest version is 1.9.14
2025-11-05 17:35:00 App is up to date.
2025-11-05 18:35:00 Checking for update using Github
2025-11-05 18:35:01 Success.
2025-11-05 18:35:01 Latest version is 1.9.14
2025-11-05 18:35:01 App is up to date.
2025-11-05 18:45:43 Loading main app package /usr/lib/obsidian/obsidian.asar
2025-11-05 18:45:43 Checking for update using Github
2025-11-05 18:45:44 Success.
2025-11-05 18:45:44 Latest version is 1.9.14
2025-11-05 18:45:44 App is up to date.
2025-11-06 03:26:47 Loading main app package /usr/lib/obsidian/obsidian.asar
2025-11-06 03:26:48 Checking for update using Github
2025-11-06 03:26:48 Success.
2025-11-06 03:26:48 Latest version is 1.9.14
2025-11-06 03:26:48 App is up to date.
2025-11-06 05:04:20 Checking for update using Github
2025-11-06 05:04:21 Success.
2025-11-06 05:04:21 Latest version is 1.9.14
2025-11-06 05:04:21 App is up to date.
2025-11-06 06:04:20 Checking for update using Github
2025-11-06 06:04:21 Success.
2025-11-06 06:04:21 Latest version is 1.9.14
2025-11-06 06:04:21 App is up to date.
2025-11-06 08:25:30 Checking for update using Github
2025-11-06 08:25:30 Success.
2025-11-06 08:25:30 Latest version is 1.9.14
2025-11-06 08:25:30 App is up to date.
2025-11-06 09:25:30 Checking for update using Github
2025-11-06 09:25:31 Success.
2025-11-06 09:25:31 Latest version is 1.9.14
2025-11-06 09:25:31 App is up to date.
2025-11-06 10:30:21 Checking for update using Github
2025-11-06 10:30:21 Success.
2025-11-06 10:30:21 Latest version is 1.9.14
2025-11-06 10:30:21 App is up to date.
2025-11-06 13:57:20 Loading main app package /usr/lib/obsidian/obsidian.asar
2025-11-06 13:57:21 Checking for update using Github
2025-11-06 13:57:31 Success.
2025-11-06 13:57:31 Latest version is 1.9.14
2025-11-06 13:57:31 App is up to date.
2025-11-06 15:37:46 Checking for update using Github
2025-11-06 15:37:46 Success.
2025-11-06 15:37:46 Latest version is 1.9.14
2025-11-06 15:37:46 App is up to date.
2025-11-06 16:09:44 Loading main app package /usr/lib/obsidian/obsidian.asar
2025-11-06 16:09:45 Checking for update using Github
2025-11-06 16:09:45 Success.
2025-11-06 16:09:45 Latest version is 1.9.14
2025-11-06 16:09:45 App is up to date.
