[2025-Oct-17 14:18:52.814 +05:30][ 5977: 5977][info ] Logging initialized
[2025-Oct-17 14:18:52.814 +05:30][ 5977: 5977][info ] Initializing krisp SDK...
[2025-Oct-17 14:18:52.814 +05:30][ 5977: 5977][info ] DoKrispInitialize
[2025-Oct-17 14:18:53.272 +05:30][ 5977: 5977][info ] LoadDynamicKrisp
[2025-Oct-17 14:18:53.272 +05:30][ 5977: 5977][info ] Did not find KRISP_DYLIB_PATH, skipping dynamic loading
[2025-Oct-17 14:18:53.272 +05:30][ 5977: 5977][info ] Initializing Krisp SDK in PID 5977, addr 0x7f614b43cf90
[2025-Oct-17 14:18:53.272 +05:30][ 5977: 5977][info ] Initialized Krisp SDK successfully
[2025-Oct-17 14:18:53.272 +05:30][ 5977: 5977][info ] Krisp SDK initialized
[2025-Oct-23 14:14:27.675 +05:30][ 4887: 4887][info ] Logging initialized
[2025-Oct-23 14:14:27.675 +05:30][ 4887: 4887][info ] Initializing krisp SDK...
[2025-Oct-23 14:14:27.675 +05:30][ 4887: 4887][info ] DoKrispInitialize
[2025-Oct-23 14:14:28.212 +05:30][ 4887: 4887][info ] LoadDynamicKrisp
[2025-Oct-23 14:14:28.212 +05:30][ 4887: 4887][info ] Did not find KRISP_DYLIB_PATH, skipping dynamic loading
[2025-Oct-23 14:14:28.212 +05:30][ 4887: 4887][info ] Initializing Krisp SDK in PID 4887, addr 0x7f488af8cf90
[2025-Oct-23 14:14:28.214 +05:30][ 4887: 4887][info ] Initialized Krisp SDK successfully
[2025-Oct-23 14:14:28.214 +05:30][ 4887: 4887][info ] Krisp SDK initialized
[2025-Oct-24 12:55:47.470 +05:30][ 4008: 4008][info ] Logging initialized
[2025-Oct-24 12:55:47.470 +05:30][ 4008: 4008][info ] Initializing krisp SDK...
[2025-Oct-24 12:55:47.470 +05:30][ 4008: 4008][info ] DoKrispInitialize
[2025-Oct-24 12:55:48.007 +05:30][ 4008: 4008][info ] LoadDynamicKrisp
[2025-Oct-24 12:55:48.007 +05:30][ 4008: 4008][info ] Did not find KRISP_DYLIB_PATH, skipping dynamic loading
[2025-Oct-24 12:55:48.007 +05:30][ 4008: 4008][info ] Initializing Krisp SDK in PID 4008, addr 0x7f73c266cf90
[2025-Oct-24 12:55:48.009 +05:30][ 4008: 4008][info ] Initialized Krisp SDK successfully
[2025-Oct-24 12:55:48.009 +05:30][ 4008: 4008][info ] Krisp SDK initialized
[2025-Nov-05 16:44:19.686 +05:30][10146:10146][info ] Logging initialized
[2025-Nov-05 16:44:19.686 +05:30][10146:10146][info ] Initializing krisp SDK...
[2025-Nov-05 16:44:19.686 +05:30][10146:10146][info ] DoKrispInitialize
[2025-Nov-05 16:44:20.284 +05:30][10146:10146][info ] LoadDynamicKrisp
[2025-Nov-05 16:44:20.284 +05:30][10146:10146][info ] Did not find KRISP_DYLIB_PATH, skipping dynamic loading
[2025-Nov-05 16:44:20.284 +05:30][10146:10146][info ] Initializing Krisp SDK in PID 10146, addr 0x7f6c5af7cf90
[2025-Nov-05 16:44:20.286 +05:30][10146:10146][info ] Initialized Krisp SDK successfully
[2025-Nov-05 16:44:20.286 +05:30][10146:10146][info ] Krisp SDK initialized
[2025-Nov-05 21:10:44.816 +05:30][ 3339: 3339][info ] Logging initialized
[2025-Nov-05 21:10:44.816 +05:30][ 3339: 3339][info ] Initializing krisp SDK...
[2025-Nov-05 21:10:44.816 +05:30][ 3339: 3339][info ] DoKrispInitialize
[2025-Nov-05 21:10:45.360 +05:30][ 3339: 3339][info ] LoadDynamicKrisp
[2025-Nov-05 21:10:45.360 +05:30][ 3339: 3339][info ] Did not find KRISP_DYLIB_PATH, skipping dynamic loading
[2025-Nov-05 21:10:45.360 +05:30][ 3339: 3339][info ] Initializing Krisp SDK in PID 3339, addr 0x7f7cfa56cf90
[2025-Nov-05 21:10:45.362 +05:30][ 3339: 3339][info ] Initialized Krisp SDK successfully
[2025-Nov-05 21:10:45.362 +05:30][ 3339: 3339][info ] Krisp SDK initialized
[2025-Nov-06 14:23:13.017 +05:30][13292:13292][info ] Logging initialized
[2025-Nov-06 14:23:13.017 +05:30][13292:13292][info ] Initializing krisp SDK...
[2025-Nov-06 14:23:13.017 +05:30][13292:13292][info ] DoKrispInitialize
[2025-Nov-06 14:23:13.561 +05:30][13292:13292][info ] LoadDynamicKrisp
[2025-Nov-06 14:23:13.561 +05:30][13292:13292][info ] Did not find KRISP_DYLIB_PATH, skipping dynamic loading
[2025-Nov-06 14:23:13.561 +05:30][13292:13292][info ] Initializing Krisp SDK in PID 13292, addr 0x7fd808b6cf90
[2025-Nov-06 14:23:13.564 +05:30][13292:13292][info ] Initialized Krisp SDK successfully
[2025-Nov-06 14:23:13.564 +05:30][13292:13292][info ] Krisp SDK initialized
[2025-Nov-06 19:26:27.470 +05:30][ 3548: 3548][info ] Logging initialized
[2025-Nov-06 19:26:27.470 +05:30][ 3548: 3548][info ] Initializing krisp SDK...
[2025-Nov-06 19:26:27.470 +05:30][ 3548: 3548][info ] DoKrispInitialize
[2025-Nov-06 19:26:28.010 +05:30][ 3548: 3548][info ] LoadDynamicKrisp
[2025-Nov-06 19:26:28.010 +05:30][ 3548: 3548][info ] Did not find KRISP_DYLIB_PATH, skipping dynamic loading
[2025-Nov-06 19:26:28.010 +05:30][ 3548: 3548][info ] Initializing Krisp SDK in PID 3548, addr 0x7fcab3e6cf90
[2025-Nov-06 19:26:28.011 +05:30][ 3548: 3548][info ] Initialized Krisp SDK successfully
[2025-Nov-06 19:26:28.011 +05:30][ 3548: 3548][info ] Krisp SDK initialized
